// Jest Snapshot v1, https://goo.gl/fbAQLP

exports[`it works 1`] = `
.emotion-0 {
  width: 100%;
  max-width: 1440px;
  padding: 1rem 5rem;
  margin: 0 auto 2rem auto;
  height: 100%;
}

@media screen and (max-width: 1199.98px) {
  .emotion-0 {
    padding: 1rem 2rem;
  }
}

@media screen and (max-width: 991.98px) {
  .emotion-0 {
    padding: 1rem 1.5rem;
  }
}

@media screen and (max-width: 816.98px) {
  .emotion-0 {
    padding: 1rem 1.2rem;
  }
}

@media screen and (max-width: 575.98px) {
  .emotion-0 {
    padding: 1rem 1rem;
  }
}

.emotion-1 {
  position: relative;
  border-radius: 1rem;
  margin-bottom: 3rem;
}

.emotion-1 label {
  position: absolute;
  top: 1.75rem;
  left: 4rem;
  font-size: 1.3rem;
  color: hsla(224, 19.3%, 34.5%, 1);
  cursor: text;
  -webkit-user-select: none;
  -moz-user-select: none;
  -ms-user-select: none;
  user-select: none;
  -webkit-transition: all 0.3s cubic-bezier(0.165, 0.84, 0.44, 1);
  transition: all 0.3s cubic-bezier(0.165, 0.84, 0.44, 1);
}

.emotion-2 {
  display: inline-block;
  position: absolute;
  top: 1.8rem;
  left: 1.5rem;
  color: hsla(224, 19.3%, 34.5%, 1);
}

.emotion-3 {
  background: transparent;
  background: hsla(0, 0%, 0%, 0.1);
  z-index: 3;
  width: 100%;
  height: 5rem;
  padding: 1rem 1.3rem 0.3rem 3.9rem;
  font-size: 1.3rem;
  border-radius: 1rem;
  color: hsla(224, 12.3%, 52.2%, 1);
  border: 3px solid hsla(224, 31.9%, 18.4%, 1);
  outline: none;
}

.emotion-3:focus {
  border: 3px solid hsla(246, 88.5%, 62.4%, 1);
}

.emotion-3:focus+label {
  -webkit-transform: translateY(-1.2rem);
  -moz-transform: translateY(-1.2rem);
  -ms-transform: translateY(-1.2rem);
  transform: translateY(-1.2rem);
  font-size: 1rem;
}

.emotion-3:focus::-webkit-input-placeholder {
  opacity: 0.5;
  -webkit-transition: all 0.2s;
  transition: all 0.2s;
}

.emotion-3:focus::-moz-placeholder {
  opacity: 0.5;
  -webkit-transition: all 0.2s;
  transition: all 0.2s;
}

.emotion-3:focus:-ms-input-placeholder {
  opacity: 0.5;
  -webkit-transition: all 0.2s;
  transition: all 0.2s;
}

.emotion-3:focus::placeholder {
  opacity: 0.5;
  -webkit-transition: all 0.2s;
  transition: all 0.2s;
}

.emotion-3::-webkit-input-placeholder {
  opacity: 0;
}

.emotion-3::-moz-placeholder {
  opacity: 0;
}

.emotion-3:-ms-input-placeholder {
  opacity: 0;
}

.emotion-3::placeholder {
  opacity: 0;
}

.emotion-3:not(:placeholder-shown)+label {
  -webkit-transform: translateY(-1.2rem);
  -moz-transform: translateY(-1.2rem);
  -ms-transform: translateY(-1.2rem);
  transform: translateY(-1.2rem);
  font-size: 1rem;
}

.emotion-4 {
  display: -webkit-box;
  display: -webkit-flex;
  display: -ms-flexbox;
  display: flex;
  -webkit-align-items: center;
  -webkit-box-align: center;
  -ms-flex-align: center;
  align-items: center;
  -webkit-box-pack: center;
  -ms-flex-pack: center;
  -webkit-justify-content: center;
  justify-content: center;
  padding: 3rem 0;
}

<div
  class="emotion-0"
>
  <h1>
    Trending now
  </h1>
  <div
    class="emotion-1"
  >
    <div
      class="emotion-2"
    >
      <svg
        fill="currentColor"
        height="24"
        viewBox="0 0 24 24"
        width="24"
        xmlns="http://www.w3.org/2000/svg"
      >
        <path
          d="M21.71,20.29,18,16.61A9,9,0,1,0,16.61,18l3.68,3.68a1,1,0,0,0,1.42,0A1,1,0,0,0,21.71,20.29ZM11,18a7,7,0,1,1,7-7A7,7,0,0,1,11,18Z"
        />
      </svg>
    </div>
    <input
      class="emotion-3"
      id="search"
      name="search"
      placeholder="eg. Spider-Man"
      type="text"
    />
    <label
      for="search"
    >
      Search movies or TV series
    </label>
  </div>
  <div
    class="emotion-4"
  >
    <div
      class="flapper__Wrapper-kzbmuk-0 jYJyDw"
      size="78"
    >
      <div
        class="flapper__Ball-kzbmuk-1 gTEOpN"
        color="hsla(246, 88.5%, 62.4%, 1)"
        size="78"
        x="-26"
        y="13"
      />
      <div
        class="flapper__Ball-kzbmuk-1 cCTXgQ"
        color="hsla(246, 88.5%, 62.4%, 1)"
        size="78"
        x="4.491427816253161"
        y="-1.6838977275093896"
      />
      <div
        class="flapper__Ball-kzbmuk-1 lEfGR"
        color="hsla(246, 88.5%, 62.4%, 1)"
        size="78"
        x="12.022188575091121"
        y="-34.678316424296256"
      />
      <div
        class="flapper__Ball-kzbmuk-1 bgGXxN"
        color="hsla(246, 88.5%, 62.4%, 1)"
        size="78"
        x="-9.078534174415228"
        y="-61.13778584819434"
      />
      <div
        class="flapper__Ball-kzbmuk-1 imBqUM"
        color="hsla(246, 88.5%, 62.4%, 1)"
        size="78"
        x="-42.92146582558476"
        y="-61.13778584819435"
      />
      <div
        class="flapper__Ball-kzbmuk-1 eMxqxJ"
        color="hsla(246, 88.5%, 62.4%, 1)"
        size="78"
        x="-64.02218857509112"
        y="-34.678316424296234"
      />
      <div
        class="flapper__Ball-kzbmuk-1 eyqkaq"
        color="hsla(246, 88.5%, 62.4%, 1)"
        size="78"
        x="-56.491427816253164"
        y="-1.6838977275093967"
      />
    </div>
  </div>
  <h3>
    There are no results :(
  </h3>
</div>
`;
