// Jest Snapshot v1, https://goo.gl/fbAQLP

exports[`it works 1`] = `
.emotion-0 {
  width: 100%;
  max-width: 1440px;
  padding: 1rem 5rem;
  margin: 0 auto 2rem auto;
  height: 100%;
}

@media screen and (max-width: 1199.98px) {
  .emotion-0 {
    padding: 1rem 2rem;
  }
}

@media screen and (max-width: 991.98px) {
  .emotion-0 {
    padding: 1rem 1.5rem;
  }
}

@media screen and (max-width: 816.98px) {
  .emotion-0 {
    padding: 1rem 1.2rem;
  }
}

@media screen and (max-width: 575.98px) {
  .emotion-0 {
    padding: 1rem 1rem;
  }
}

.emotion-1 {
  min-height: calc(100vh - 184px);
  max-width: 880px;
  display: -webkit-box;
  display: -webkit-flex;
  display: -ms-flexbox;
  display: flex;
  -webkit-flex-direction: column;
  -ms-flex-direction: column;
  flex-direction: column;
  -webkit-align-items: center;
  -webkit-box-align: center;
  -ms-flex-align: center;
  align-items: center;
  text-align: center;
  margin: 0 auto;
}

.emotion-1 h2 {
  margin-bottom: 2rem;
}

.emotion-1 p {
  margin-bottom: 2rem;
}

.emotion-2 {
  display: -webkit-box;
  display: -webkit-flex;
  display: -ms-flexbox;
  display: flex;
  -webkit-align-items: center;
  -webkit-box-align: center;
  -ms-flex-align: center;
  align-items: center;
  -webkit-box-pack: center;
  -ms-flex-pack: center;
  -webkit-justify-content: center;
  justify-content: center;
  gap: 0.5rem;
  outline: none;
  border: none;
  border-radius: 1rem;
  background: hsla(246, 88.3%, 69.8%, 1);
  color: hsla(0, 0%, 100%, 1);
  padding: 1rem 2rem;
  font-size: 1rem;
  margin-bottom: 0.6rem;
}

.emotion-2 svg {
  -webkit-align-self: baseline;
  -ms-flex-item-align: baseline;
  align-self: baseline;
}

<div
  class="emotion-0"
>
  <div
    class="emotion-1"
  >
    <img
      alt="Not found"
      src="test-file-stub"
      style="width: 70%; margin-bottom: 2rem; height: auto;"
    />
    <h2>
      Lost your way?
    </h2>
    <p>
      Oops! This is awkward. You are looking for something that doesn't actually exist.
    </p>
    <a
      href="/"
    >
      <button
        class="emotion-2"
      >
        Go Home
      </button>
    </a>
  </div>
</div>
`;
