// Jest Snapshot v1, https://goo.gl/fbAQLP

exports[`Movies page should render movies page 1`] = `
Object {
  "asFragment": [Function],
  "baseElement": .emotion-0 {
  width: 100%;
  max-width: 1440px;
  padding: 1rem 5rem;
  margin: 0 auto 2rem auto;
  height: 100%;
}

@media screen and (max-width: 1199.98px) and (min-width: 991.99px) {
  .emotion-0 {
    padding: 1rem 2rem;
  }
}

@media screen and (max-width: 991.98px) and (min-width: 816.99px) {
  .emotion-0 {
    padding: 1rem 1.5rem;
  }
}

@media screen and (max-width: 816.98px) and (min-width: 575.99px) {
  .emotion-0 {
    padding: 1rem 1.2rem;
  }
}

@media screen and (max-width: 575.98px) {
  .emotion-0 {
    padding: 1rem 1rem;
  }
}

.emotion-1 {
  display: grid;
  grid-template-columns: repeat(4, minmax(0, 1fr));
  row-gap: 1.4rem;
  -webkit-column-gap: 1.4rem;
  column-gap: 1.4rem;
  -webkit-align-items: start;
  -webkit-box-align: start;
  -ms-flex-align: start;
  align-items: start;
}

@media screen and (max-width: 1199.98px) and (min-width: 991.99px) {
  .emotion-1 {
    grid-template-columns: repeat(3, minmax(0, 1fr));
    -webkit-transition: all 0.5s;
    transition: all 0.5s;
  }
}

@media screen and (max-width: 991.98px) and (min-width: 816.99px) {
  .emotion-1 {
    row-gap: 0.8rem;
    -webkit-column-gap: 0.8rem;
    column-gap: 0.8rem;
    -webkit-transition: all 0.5s;
    transition: all 0.5s;
  }
}

@media screen and (max-width: 816.98px) and (min-width: 575.99px) {
  .emotion-1 {
    grid-template-columns: repeat(2, minmax(0, 1fr));
    row-gap: 0.8rem;
    -webkit-column-gap: 0.8rem;
    column-gap: 0.8rem;
    -webkit-transition: all 0.5s;
    transition: all 0.5s;
  }
}

@media screen and (max-width: 575.98px) {
  .emotion-1 {
    grid-template-columns: repeat(1, minmax(0, 1fr));
    -webkit-transition: all 0.5s;
    transition: all 0.5s;
  }
}

.emotion-2 {
  position: relative;
  border-radius: 1rem;
  overflow: hidden;
  background-color: hsla(224, 39%, 11.6%, 0.9);
  width: 100%;
  min-height: 100%;
}

.emotion-3 {
  color: hsla(33, 100%, 71.4%, 1);
  background-color: hsla(0, 0%, 0%, 0.75);
  border-radius: 0.5rem;
  display: -webkit-box;
  display: -webkit-flex;
  display: -ms-flexbox;
  display: flex;
  -webkit-flex-direction: row;
  -ms-flex-direction: row;
  flex-direction: row;
  -webkit-align-items: center;
  -webkit-box-align: center;
  -ms-flex-align: center;
  align-items: center;
  gap: 0.1rem;
  z-index: 2;
  top: 0.6rem;
  left: 0.6rem;
  position: absolute;
  padding: 0.25rem 0.5rem;
}

.emotion-3 p {
  color: hsla(33, 100%, 71.4%, 1);
}

.emotion-4 {
  display: inline-block;
  border-radius: 1rem;
  width: 100%;
  height: 88%;
  overflow: hidden;
}

.emotion-5 {
  display: block;
  object-fit: cover;
  width: 100%;
  height: 100%;
  vertical-align: middle;
}

.emotion-6 {
  padding: 0.5rem;
  margin-bottom: 0.5rem;
  overflow: hidden;
}

.emotion-6 p {
  color: hsla(222, 33.3%, 94.1%, 1);
  font-weight: 600;
}

.emotion-6 p:hover {
  color: hsla(0, 0%, 100%, 1);
  -webkit-transition: color 0.3s;
  transition: color 0.3s;
}

<body>
    <div>
      <div
        class="emotion-0"
      >
        <h1>
          Popular movies
        </h1>
        <br />
        <div
          class="emotion-1"
        >
          <div
            class="emotion-2"
            style="opacity: 0;"
          >
            <a
              href="/movie/508947"
            >
              <div
                class="emotion-3"
              >
                <svg
                  fill="currentColor"
                  height="16"
                  viewBox="0 0 24 24"
                  width="16"
                  xmlns="http://www.w3.org/2000/svg"
                >
                  <path
                    d="M22,9.67A1,1,0,0,0,21.14,9l-5.69-.83L12.9,3a1,1,0,0,0-1.8,0L8.55,8.16,2.86,9a1,1,0,0,0-.81.68,1,1,0,0,0,.25,1l4.13,4-1,5.68a1,1,0,0,0,.4,1,1,1,0,0,0,1.05.07L12,18.76l5.1,2.68a.93.93,0,0,0,.46.12,1,1,0,0,0,.59-.19,1,1,0,0,0,.4-1l-1-5.68,4.13-4A1,1,0,0,0,22,9.67Zm-6.15,4a1,1,0,0,0-.29.89l.72,4.19-3.76-2a1,1,0,0,0-.94,0l-3.76,2,.72-4.19a1,1,0,0,0-.29-.89l-3-3,4.21-.61a1,1,0,0,0,.76-.55L12,5.7l1.88,3.82a1,1,0,0,0,.76.55l4.21.61Z"
                  />
                </svg>
                <p>
                  7.5
                </p>
              </div>
              <div
                class="emotion-4"
              >
                <picture>
                  <source
                    srcset="https://image.tmdb.org/t/p/w500/qsdjk9oAKSQMWs0Vt5Pyfh6O4GZ.jpg"
                    type="image/jpeg"
                  />
                  <source
                    srcset="placeholder.png"
                    type="image/png"
                  />
                  <source
                    srcset="placeholderBack.png"
                    type="image/png"
                  />
                  <img
                    alt="Turning Red"
                    class="emotion-5"
                  />
                </picture>
              </div>
              <div
                class="emotion-6"
              >
                <p>
                  Turning Red
                </p>
              </div>
            </a>
          </div>
          <div
            class="emotion-2"
            style="opacity: 0;"
          >
            <a
              href="/movie/634649"
            >
              <div
                class="emotion-3"
              >
                <svg
                  fill="currentColor"
                  height="16"
                  viewBox="0 0 24 24"
                  width="16"
                  xmlns="http://www.w3.org/2000/svg"
                >
                  <path
                    d="M22,9.67A1,1,0,0,0,21.14,9l-5.69-.83L12.9,3a1,1,0,0,0-1.8,0L8.55,8.16,2.86,9a1,1,0,0,0-.81.68,1,1,0,0,0,.25,1l4.13,4-1,5.68a1,1,0,0,0,.4,1,1,1,0,0,0,1.05.07L12,18.76l5.1,2.68a.93.93,0,0,0,.46.12,1,1,0,0,0,.59-.19,1,1,0,0,0,.4-1l-1-5.68,4.13-4A1,1,0,0,0,22,9.67Zm-6.15,4a1,1,0,0,0-.29.89l.72,4.19-3.76-2a1,1,0,0,0-.94,0l-3.76,2,.72-4.19a1,1,0,0,0-.29-.89l-3-3,4.21-.61a1,1,0,0,0,.76-.55L12,5.7l1.88,3.82a1,1,0,0,0,.76.55l4.21.61Z"
                  />
                </svg>
                <p>
                  8.2
                </p>
              </div>
              <div
                class="emotion-4"
              >
                <picture>
                  <source
                    srcset="https://image.tmdb.org/t/p/w500/1g0dhYtq4irTY1GPXvft6k4YLjm.jpg"
                    type="image/jpeg"
                  />
                  <source
                    srcset="placeholder.png"
                    type="image/png"
                  />
                  <source
                    srcset="placeholderBack.png"
                    type="image/png"
                  />
                  <img
                    alt="Spider-Man: No Way Home"
                    class="emotion-5"
                  />
                </picture>
              </div>
              <div
                class="emotion-6"
              >
                <p>
                  Spider-Man: No Way Home
                </p>
              </div>
            </a>
          </div>
          <div
            class="emotion-2"
            style="opacity: 0;"
          >
            <a
              href="/movie/760868"
            >
              <div
                class="emotion-3"
              >
                <svg
                  fill="currentColor"
                  height="16"
                  viewBox="0 0 24 24"
                  width="16"
                  xmlns="http://www.w3.org/2000/svg"
                >
                  <path
                    d="M22,9.67A1,1,0,0,0,21.14,9l-5.69-.83L12.9,3a1,1,0,0,0-1.8,0L8.55,8.16,2.86,9a1,1,0,0,0-.81.68,1,1,0,0,0,.25,1l4.13,4-1,5.68a1,1,0,0,0,.4,1,1,1,0,0,0,1.05.07L12,18.76l5.1,2.68a.93.93,0,0,0,.46.12,1,1,0,0,0,.59-.19,1,1,0,0,0,.4-1l-1-5.68,4.13-4A1,1,0,0,0,22,9.67Zm-6.15,4a1,1,0,0,0-.29.89l.72,4.19-3.76-2a1,1,0,0,0-.94,0l-3.76,2,.72-4.19a1,1,0,0,0-.29-.89l-3-3,4.21-.61a1,1,0,0,0,.76-.55L12,5.7l1.88,3.82a1,1,0,0,0,.76.55l4.21.61Z"
                  />
                </svg>
                <p>
                  6
                </p>
              </div>
              <div
                class="emotion-4"
              >
                <picture>
                  <source
                    srcset="https://image.tmdb.org/t/p/w500/mcIYHZYwUbvhvUt8Lb5nENJ7AlX.jpg"
                    type="image/jpeg"
                  />
                  <source
                    srcset="placeholder.png"
                    type="image/png"
                  />
                  <source
                    srcset="placeholderBack.png"
                    type="image/png"
                  />
                  <img
                    alt="Black Crab"
                    class="emotion-5"
                  />
                </picture>
              </div>
              <div
                class="emotion-6"
              >
                <p>
                  Black Crab
                </p>
              </div>
            </a>
          </div>
          <div
            class="emotion-2"
            style="opacity: 0;"
          >
            <a
              href="/movie/696806"
            >
              <div
                class="emotion-3"
              >
                <svg
                  fill="currentColor"
                  height="16"
                  viewBox="0 0 24 24"
                  width="16"
                  xmlns="http://www.w3.org/2000/svg"
                >
                  <path
                    d="M22,9.67A1,1,0,0,0,21.14,9l-5.69-.83L12.9,3a1,1,0,0,0-1.8,0L8.55,8.16,2.86,9a1,1,0,0,0-.81.68,1,1,0,0,0,.25,1l4.13,4-1,5.68a1,1,0,0,0,.4,1,1,1,0,0,0,1.05.07L12,18.76l5.1,2.68a.93.93,0,0,0,.46.12,1,1,0,0,0,.59-.19,1,1,0,0,0,.4-1l-1-5.68,4.13-4A1,1,0,0,0,22,9.67Zm-6.15,4a1,1,0,0,0-.29.89l.72,4.19-3.76-2a1,1,0,0,0-.94,0l-3.76,2,.72-4.19a1,1,0,0,0-.29-.89l-3-3,4.21-.61a1,1,0,0,0,.76-.55L12,5.7l1.88,3.82a1,1,0,0,0,.76.55l4.21.61Z"
                  />
                </svg>
                <p>
                  7.1
                </p>
              </div>
              <div
                class="emotion-4"
              >
                <picture>
                  <source
                    srcset="https://image.tmdb.org/t/p/w500/wFjboE0aFZNbVOF05fzrka9Fqyx.jpg"
                    type="image/jpeg"
                  />
                  <source
                    srcset="placeholder.png"
                    type="image/png"
                  />
                  <source
                    srcset="placeholderBack.png"
                    type="image/png"
                  />
                  <img
                    alt="The Adam Project"
                    class="emotion-5"
                  />
                </picture>
              </div>
              <div
                class="emotion-6"
              >
                <p>
                  The Adam Project
                </p>
              </div>
            </a>
          </div>
          <div
            class="emotion-2"
            style="opacity: 0;"
          >
            <a
              href="/movie/568124"
            >
              <div
                class="emotion-3"
              >
                <svg
                  fill="currentColor"
                  height="16"
                  viewBox="0 0 24 24"
                  width="16"
                  xmlns="http://www.w3.org/2000/svg"
                >
                  <path
                    d="M22,9.67A1,1,0,0,0,21.14,9l-5.69-.83L12.9,3a1,1,0,0,0-1.8,0L8.55,8.16,2.86,9a1,1,0,0,0-.81.68,1,1,0,0,0,.25,1l4.13,4-1,5.68a1,1,0,0,0,.4,1,1,1,0,0,0,1.05.07L12,18.76l5.1,2.68a.93.93,0,0,0,.46.12,1,1,0,0,0,.59-.19,1,1,0,0,0,.4-1l-1-5.68,4.13-4A1,1,0,0,0,22,9.67Zm-6.15,4a1,1,0,0,0-.29.89l.72,4.19-3.76-2a1,1,0,0,0-.94,0l-3.76,2,.72-4.19a1,1,0,0,0-.29-.89l-3-3,4.21-.61a1,1,0,0,0,.76-.55L12,5.7l1.88,3.82a1,1,0,0,0,.76.55l4.21.61Z"
                  />
                </svg>
                <p>
                  7.7
                </p>
              </div>
              <div
                class="emotion-4"
              >
                <picture>
                  <source
                    srcset="https://image.tmdb.org/t/p/w500/4j0PNHkMr5ax3IA8tjtxcmPU3QT.jpg"
                    type="image/jpeg"
                  />
                  <source
                    srcset="placeholder.png"
                    type="image/png"
                  />
                  <source
                    srcset="placeholderBack.png"
                    type="image/png"
                  />
                  <img
                    alt="Encanto"
                    class="emotion-5"
                  />
                </picture>
              </div>
              <div
                class="emotion-6"
              >
                <p>
                  Encanto
                </p>
              </div>
            </a>
          </div>
          <div
            class="emotion-2"
            style="opacity: 0;"
          >
            <a
              href="/movie/823625"
            >
              <div
                class="emotion-3"
              >
                <svg
                  fill="currentColor"
                  height="16"
                  viewBox="0 0 24 24"
                  width="16"
                  xmlns="http://www.w3.org/2000/svg"
                >
                  <path
                    d="M22,9.67A1,1,0,0,0,21.14,9l-5.69-.83L12.9,3a1,1,0,0,0-1.8,0L8.55,8.16,2.86,9a1,1,0,0,0-.81.68,1,1,0,0,0,.25,1l4.13,4-1,5.68a1,1,0,0,0,.4,1,1,1,0,0,0,1.05.07L12,18.76l5.1,2.68a.93.93,0,0,0,.46.12,1,1,0,0,0,.59-.19,1,1,0,0,0,.4-1l-1-5.68,4.13-4A1,1,0,0,0,22,9.67Zm-6.15,4a1,1,0,0,0-.29.89l.72,4.19-3.76-2a1,1,0,0,0-.94,0l-3.76,2,.72-4.19a1,1,0,0,0-.29-.89l-3-3,4.21-.61a1,1,0,0,0,.76-.55L12,5.7l1.88,3.82a1,1,0,0,0,.76.55l4.21.61Z"
                  />
                </svg>
                <p>
                  5.9
                </p>
              </div>
              <div
                class="emotion-4"
              >
                <picture>
                  <source
                    srcset="https://image.tmdb.org/t/p/w500/7gFo1PEbe1CoSgNTnjCGdZbw0zP.jpg"
                    type="image/jpeg"
                  />
                  <source
                    srcset="placeholder.png"
                    type="image/png"
                  />
                  <source
                    srcset="placeholderBack.png"
                    type="image/png"
                  />
                  <img
                    alt="Blacklight"
                    class="emotion-5"
                  />
                </picture>
              </div>
              <div
                class="emotion-6"
              >
                <p>
                  Blacklight
                </p>
              </div>
            </a>
          </div>
          <div
            class="emotion-2"
            style="opacity: 0;"
          >
            <a
              href="/movie/414906"
            >
              <div
                class="emotion-3"
              >
                <svg
                  fill="currentColor"
                  height="16"
                  viewBox="0 0 24 24"
                  width="16"
                  xmlns="http://www.w3.org/2000/svg"
                >
                  <path
                    d="M22,9.67A1,1,0,0,0,21.14,9l-5.69-.83L12.9,3a1,1,0,0,0-1.8,0L8.55,8.16,2.86,9a1,1,0,0,0-.81.68,1,1,0,0,0,.25,1l4.13,4-1,5.68a1,1,0,0,0,.4,1,1,1,0,0,0,1.05.07L12,18.76l5.1,2.68a.93.93,0,0,0,.46.12,1,1,0,0,0,.59-.19,1,1,0,0,0,.4-1l-1-5.68,4.13-4A1,1,0,0,0,22,9.67Zm-6.15,4a1,1,0,0,0-.29.89l.72,4.19-3.76-2a1,1,0,0,0-.94,0l-3.76,2,.72-4.19a1,1,0,0,0-.29-.89l-3-3,4.21-.61a1,1,0,0,0,.76-.55L12,5.7l1.88,3.82a1,1,0,0,0,.76.55l4.21.61Z"
                  />
                </svg>
                <p>
                  7.9
                </p>
              </div>
              <div
                class="emotion-4"
              >
                <picture>
                  <source
                    srcset="https://image.tmdb.org/t/p/w500/74xTEgt7R36Fpooo50r9T25onhq.jpg"
                    type="image/jpeg"
                  />
                  <source
                    srcset="placeholder.png"
                    type="image/png"
                  />
                  <source
                    srcset="placeholderBack.png"
                    type="image/png"
                  />
                  <img
                    alt="The Batman"
                    class="emotion-5"
                  />
                </picture>
              </div>
              <div
                class="emotion-6"
              >
                <p>
                  The Batman
                </p>
              </div>
            </a>
          </div>
          <div
            class="emotion-2"
            style="opacity: 0;"
          >
            <a
              href="/movie/676705"
            >
              <div
                class="emotion-3"
              >
                <svg
                  fill="currentColor"
                  height="16"
                  viewBox="0 0 24 24"
                  width="16"
                  xmlns="http://www.w3.org/2000/svg"
                >
                  <path
                    d="M22,9.67A1,1,0,0,0,21.14,9l-5.69-.83L12.9,3a1,1,0,0,0-1.8,0L8.55,8.16,2.86,9a1,1,0,0,0-.81.68,1,1,0,0,0,.25,1l4.13,4-1,5.68a1,1,0,0,0,.4,1,1,1,0,0,0,1.05.07L12,18.76l5.1,2.68a.93.93,0,0,0,.46.12,1,1,0,0,0,.59-.19,1,1,0,0,0,.4-1l-1-5.68,4.13-4A1,1,0,0,0,22,9.67Zm-6.15,4a1,1,0,0,0-.29.89l.72,4.19-3.76-2a1,1,0,0,0-.94,0l-3.76,2,.72-4.19a1,1,0,0,0-.29-.89l-3-3,4.21-.61a1,1,0,0,0,.76-.55L12,5.7l1.88,3.82a1,1,0,0,0,.76.55l4.21.61Z"
                  />
                </svg>
                <p>
                  7
                </p>
              </div>
              <div
                class="emotion-4"
              >
                <picture>
                  <source
                    srcset="https://image.tmdb.org/t/p/w500/xy6wQ09rMIN2FfWPHJXCWyRZ3P9.jpg"
                    type="image/jpeg"
                  />
                  <source
                    srcset="placeholder.png"
                    type="image/png"
                  />
                  <source
                    srcset="placeholderBack.png"
                    type="image/png"
                  />
                  <img
                    alt="Pil's Adventures"
                    class="emotion-5"
                  />
                </picture>
              </div>
              <div
                class="emotion-6"
              >
                <p>
                  Pil's Adventures
                </p>
              </div>
            </a>
          </div>
          <div
            class="emotion-2"
            style="opacity: 0;"
          >
            <a
              href="/movie/656663"
            >
              <div
                class="emotion-3"
              >
                <svg
                  fill="currentColor"
                  height="16"
                  viewBox="0 0 24 24"
                  width="16"
                  xmlns="http://www.w3.org/2000/svg"
                >
                  <path
                    d="M22,9.67A1,1,0,0,0,21.14,9l-5.69-.83L12.9,3a1,1,0,0,0-1.8,0L8.55,8.16,2.86,9a1,1,0,0,0-.81.68,1,1,0,0,0,.25,1l4.13,4-1,5.68a1,1,0,0,0,.4,1,1,1,0,0,0,1.05.07L12,18.76l5.1,2.68a.93.93,0,0,0,.46.12,1,1,0,0,0,.59-.19,1,1,0,0,0,.4-1l-1-5.68,4.13-4A1,1,0,0,0,22,9.67Zm-6.15,4a1,1,0,0,0-.29.89l.72,4.19-3.76-2a1,1,0,0,0-.94,0l-3.76,2,.72-4.19a1,1,0,0,0-.29-.89l-3-3,4.21-.61a1,1,0,0,0,.76-.55L12,5.7l1.88,3.82a1,1,0,0,0,.76.55l4.21.61Z"
                  />
                </svg>
                <p>
                  7.1
                </p>
              </div>
              <div
                class="emotion-4"
              >
                <picture>
                  <source
                    srcset="https://image.tmdb.org/t/p/w500/ugIdyvtAzHWOguD91UjHKoAvfum.jpg"
                    type="image/jpeg"
                  />
                  <source
                    srcset="placeholder.png"
                    type="image/png"
                  />
                  <source
                    srcset="placeholderBack.png"
                    type="image/png"
                  />
                  <img
                    alt="Jackass Forever"
                    class="emotion-5"
                  />
                </picture>
              </div>
              <div
                class="emotion-6"
              >
                <p>
                  Jackass Forever
                </p>
              </div>
            </a>
          </div>
          <div
            class="emotion-2"
            style="opacity: 0;"
          >
            <a
              href="/movie/661791"
            >
              <div
                class="emotion-3"
              >
                <svg
                  fill="currentColor"
                  height="16"
                  viewBox="0 0 24 24"
                  width="16"
                  xmlns="http://www.w3.org/2000/svg"
                >
                  <path
                    d="M22,9.67A1,1,0,0,0,21.14,9l-5.69-.83L12.9,3a1,1,0,0,0-1.8,0L8.55,8.16,2.86,9a1,1,0,0,0-.81.68,1,1,0,0,0,.25,1l4.13,4-1,5.68a1,1,0,0,0,.4,1,1,1,0,0,0,1.05.07L12,18.76l5.1,2.68a.93.93,0,0,0,.46.12,1,1,0,0,0,.59-.19,1,1,0,0,0,.4-1l-1-5.68,4.13-4A1,1,0,0,0,22,9.67Zm-6.15,4a1,1,0,0,0-.29.89l.72,4.19-3.76-2a1,1,0,0,0-.94,0l-3.76,2,.72-4.19a1,1,0,0,0-.29-.89l-3-3,4.21-.61a1,1,0,0,0,.76-.55L12,5.7l1.88,3.82a1,1,0,0,0,.76.55l4.21.61Z"
                  />
                </svg>
                <p>
                  6.2
                </p>
              </div>
              <div
                class="emotion-4"
              >
                <picture>
                  <source
                    srcset="https://image.tmdb.org/t/p/w500/cdzUKycvzn0X6mQMxDZP9el81lz.jpg"
                    type="image/jpeg"
                  />
                  <source
                    srcset="placeholder.png"
                    type="image/png"
                  />
                  <source
                    srcset="placeholderBack.png"
                    type="image/png"
                  />
                  <img
                    alt="The Grandmother"
                    class="emotion-5"
                  />
                </picture>
              </div>
              <div
                class="emotion-6"
              >
                <p>
                  The Grandmother
                </p>
              </div>
            </a>
          </div>
          <div
            class="emotion-2"
            style="opacity: 0;"
          >
            <a
              href="/movie/833425"
            >
              <div
                class="emotion-3"
              >
                <svg
                  fill="currentColor"
                  height="16"
                  viewBox="0 0 24 24"
                  width="16"
                  xmlns="http://www.w3.org/2000/svg"
                >
                  <path
                    d="M22,9.67A1,1,0,0,0,21.14,9l-5.69-.83L12.9,3a1,1,0,0,0-1.8,0L8.55,8.16,2.86,9a1,1,0,0,0-.81.68,1,1,0,0,0,.25,1l4.13,4-1,5.68a1,1,0,0,0,.4,1,1,1,0,0,0,1.05.07L12,18.76l5.1,2.68a.93.93,0,0,0,.46.12,1,1,0,0,0,.59-.19,1,1,0,0,0,.4-1l-1-5.68,4.13-4A1,1,0,0,0,22,9.67Zm-6.15,4a1,1,0,0,0-.29.89l.72,4.19-3.76-2a1,1,0,0,0-.94,0l-3.76,2,.72-4.19a1,1,0,0,0-.29-.89l-3-3,4.21-.61a1,1,0,0,0,.76-.55L12,5.7l1.88,3.82a1,1,0,0,0,.76.55l4.21.61Z"
                  />
                </svg>
                <p>
                  6.5
                </p>
              </div>
              <div
                class="emotion-4"
              >
                <picture>
                  <source
                    srcset="https://image.tmdb.org/t/p/w500/5cnLoWq9o5tuLe1Zq4BTX4LwZ2B.jpg"
                    type="image/jpeg"
                  />
                  <source
                    srcset="placeholder.png"
                    type="image/png"
                  />
                  <source
                    srcset="placeholderBack.png"
                    type="image/png"
                  />
                  <img
                    alt="No Exit"
                    class="emotion-5"
                  />
                </picture>
              </div>
              <div
                class="emotion-6"
              >
                <p>
                  No Exit
                </p>
              </div>
            </a>
          </div>
          <div
            class="emotion-2"
            style="opacity: 0;"
          >
            <a
              href="/movie/760926"
            >
              <div
                class="emotion-3"
              >
                <svg
                  fill="currentColor"
                  height="16"
                  viewBox="0 0 24 24"
                  width="16"
                  xmlns="http://www.w3.org/2000/svg"
                >
                  <path
                    d="M22,9.67A1,1,0,0,0,21.14,9l-5.69-.83L12.9,3a1,1,0,0,0-1.8,0L8.55,8.16,2.86,9a1,1,0,0,0-.81.68,1,1,0,0,0,.25,1l4.13,4-1,5.68a1,1,0,0,0,.4,1,1,1,0,0,0,1.05.07L12,18.76l5.1,2.68a.93.93,0,0,0,.46.12,1,1,0,0,0,.59-.19,1,1,0,0,0,.4-1l-1-5.68,4.13-4A1,1,0,0,0,22,9.67Zm-6.15,4a1,1,0,0,0-.29.89l.72,4.19-3.76-2a1,1,0,0,0-.94,0l-3.76,2,.72-4.19a1,1,0,0,0-.29-.89l-3-3,4.21-.61a1,1,0,0,0,.76-.55L12,5.7l1.88,3.82a1,1,0,0,0,.76.55l4.21.61Z"
                  />
                </svg>
                <p>
                  6.5
                </p>
              </div>
              <div
                class="emotion-4"
              >
                <picture>
                  <source
                    srcset="https://image.tmdb.org/t/p/w500/ejXBuNLvK4kZ7YcqeKqUWnCxdJq.jpg"
                    type="image/jpeg"
                  />
                  <source
                    srcset="placeholder.png"
                    type="image/png"
                  />
                  <source
                    srcset="placeholderBack.png"
                    type="image/png"
                  />
                  <img
                    alt="Gold"
                    class="emotion-5"
                  />
                </picture>
              </div>
              <div
                class="emotion-6"
              >
                <p>
                  Gold
                </p>
              </div>
            </a>
          </div>
          <div
            class="emotion-2"
            style="opacity: 0;"
          >
            <a
              href="/movie/512195"
            >
              <div
                class="emotion-3"
              >
                <svg
                  fill="currentColor"
                  height="16"
                  viewBox="0 0 24 24"
                  width="16"
                  xmlns="http://www.w3.org/2000/svg"
                >
                  <path
                    d="M22,9.67A1,1,0,0,0,21.14,9l-5.69-.83L12.9,3a1,1,0,0,0-1.8,0L8.55,8.16,2.86,9a1,1,0,0,0-.81.68,1,1,0,0,0,.25,1l4.13,4-1,5.68a1,1,0,0,0,.4,1,1,1,0,0,0,1.05.07L12,18.76l5.1,2.68a.93.93,0,0,0,.46.12,1,1,0,0,0,.59-.19,1,1,0,0,0,.4-1l-1-5.68,4.13-4A1,1,0,0,0,22,9.67Zm-6.15,4a1,1,0,0,0-.29.89l.72,4.19-3.76-2a1,1,0,0,0-.94,0l-3.76,2,.72-4.19a1,1,0,0,0-.29-.89l-3-3,4.21-.61a1,1,0,0,0,.76-.55L12,5.7l1.88,3.82a1,1,0,0,0,.76.55l4.21.61Z"
                  />
                </svg>
                <p>
                  6.8
                </p>
              </div>
              <div
                class="emotion-4"
              >
                <picture>
                  <source
                    srcset="https://image.tmdb.org/t/p/w500/lAXONuqg41NwUMuzMiFvicDET9Y.jpg"
                    type="image/jpeg"
                  />
                  <source
                    srcset="placeholder.png"
                    type="image/png"
                  />
                  <source
                    srcset="placeholderBack.png"
                    type="image/png"
                  />
                  <img
                    alt="Red Notice"
                    class="emotion-5"
                  />
                </picture>
              </div>
              <div
                class="emotion-6"
              >
                <p>
                  Red Notice
                </p>
              </div>
            </a>
          </div>
          <div
            class="emotion-2"
            style="opacity: 0;"
          >
            <a
              href="/movie/928381"
            >
              <div
                class="emotion-3"
              >
                <svg
                  fill="currentColor"
                  height="16"
                  viewBox="0 0 24 24"
                  width="16"
                  xmlns="http://www.w3.org/2000/svg"
                >
                  <path
                    d="M22,9.67A1,1,0,0,0,21.14,9l-5.69-.83L12.9,3a1,1,0,0,0-1.8,0L8.55,8.16,2.86,9a1,1,0,0,0-.81.68,1,1,0,0,0,.25,1l4.13,4-1,5.68a1,1,0,0,0,.4,1,1,1,0,0,0,1.05.07L12,18.76l5.1,2.68a.93.93,0,0,0,.46.12,1,1,0,0,0,.59-.19,1,1,0,0,0,.4-1l-1-5.68,4.13-4A1,1,0,0,0,22,9.67Zm-6.15,4a1,1,0,0,0-.29.89l.72,4.19-3.76-2a1,1,0,0,0-.94,0l-3.76,2,.72-4.19a1,1,0,0,0-.29-.89l-3-3,4.21-.61a1,1,0,0,0,.76-.55L12,5.7l1.88,3.82a1,1,0,0,0,.76.55l4.21.61Z"
                  />
                </svg>
                <p>
                  5.8
                </p>
              </div>
              <div
                class="emotion-4"
              >
                <picture>
                  <source
                    srcset="https://image.tmdb.org/t/p/w500/9MP21x0OPv0R72obd63tMHssmGt.jpg"
                    type="image/jpeg"
                  />
                  <source
                    srcset="placeholder.png"
                    type="image/png"
                  />
                  <source
                    srcset="placeholderBack.png"
                    type="image/png"
                  />
                  <img
                    alt="Restless"
                    class="emotion-5"
                  />
                </picture>
              </div>
              <div
                class="emotion-6"
              >
                <p>
                  Restless
                </p>
              </div>
            </a>
          </div>
          <div
            class="emotion-2"
            style="opacity: 0;"
          >
            <a
              href="/movie/476669"
            >
              <div
                class="emotion-3"
              >
                <svg
                  fill="currentColor"
                  height="16"
                  viewBox="0 0 24 24"
                  width="16"
                  xmlns="http://www.w3.org/2000/svg"
                >
                  <path
                    d="M22,9.67A1,1,0,0,0,21.14,9l-5.69-.83L12.9,3a1,1,0,0,0-1.8,0L8.55,8.16,2.86,9a1,1,0,0,0-.81.68,1,1,0,0,0,.25,1l4.13,4-1,5.68a1,1,0,0,0,.4,1,1,1,0,0,0,1.05.07L12,18.76l5.1,2.68a.93.93,0,0,0,.46.12,1,1,0,0,0,.59-.19,1,1,0,0,0,.4-1l-1-5.68,4.13-4A1,1,0,0,0,22,9.67Zm-6.15,4a1,1,0,0,0-.29.89l.72,4.19-3.76-2a1,1,0,0,0-.94,0l-3.76,2,.72-4.19a1,1,0,0,0-.29-.89l-3-3,4.21-.61a1,1,0,0,0,.76-.55L12,5.7l1.88,3.82a1,1,0,0,0,.76.55l4.21.61Z"
                  />
                </svg>
                <p>
                  7
                </p>
              </div>
              <div
                class="emotion-4"
              >
                <picture>
                  <source
                    srcset="https://image.tmdb.org/t/p/w500/aq4Pwv5Xeuvj6HZKtxyd23e6bE9.jpg"
                    type="image/jpeg"
                  />
                  <source
                    srcset="placeholder.png"
                    type="image/png"
                  />
                  <source
                    srcset="placeholderBack.png"
                    type="image/png"
                  />
                  <img
                    alt="The King's Man"
                    class="emotion-5"
                  />
                </picture>
              </div>
              <div
                class="emotion-6"
              >
                <p>
                  The King's Man
                </p>
              </div>
            </a>
          </div>
          <div
            class="emotion-2"
            style="opacity: 0;"
          >
            <a
              href="/movie/585083"
            >
              <div
                class="emotion-3"
              >
                <svg
                  fill="currentColor"
                  height="16"
                  viewBox="0 0 24 24"
                  width="16"
                  xmlns="http://www.w3.org/2000/svg"
                >
                  <path
                    d="M22,9.67A1,1,0,0,0,21.14,9l-5.69-.83L12.9,3a1,1,0,0,0-1.8,0L8.55,8.16,2.86,9a1,1,0,0,0-.81.68,1,1,0,0,0,.25,1l4.13,4-1,5.68a1,1,0,0,0,.4,1,1,1,0,0,0,1.05.07L12,18.76l5.1,2.68a.93.93,0,0,0,.46.12,1,1,0,0,0,.59-.19,1,1,0,0,0,.4-1l-1-5.68,4.13-4A1,1,0,0,0,22,9.67Zm-6.15,4a1,1,0,0,0-.29.89l.72,4.19-3.76-2a1,1,0,0,0-.94,0l-3.76,2,.72-4.19a1,1,0,0,0-.29-.89l-3-3,4.21-.61a1,1,0,0,0,.76-.55L12,5.7l1.88,3.82a1,1,0,0,0,.76.55l4.21.61Z"
                  />
                </svg>
                <p>
                  7.1
                </p>
              </div>
              <div
                class="emotion-4"
              >
                <picture>
                  <source
                    srcset="https://image.tmdb.org/t/p/w500/teCy1egGQa0y8ULJvlrDHQKnxBL.jpg"
                    type="image/jpeg"
                  />
                  <source
                    srcset="placeholder.png"
                    type="image/png"
                  />
                  <source
                    srcset="placeholderBack.png"
                    type="image/png"
                  />
                  <img
                    alt="Hotel Transylvania: Transformania"
                    class="emotion-5"
                  />
                </picture>
              </div>
              <div
                class="emotion-6"
              >
                <p>
                  Hotel Transylvania: Transformania
                </p>
              </div>
            </a>
          </div>
          <div
            class="emotion-2"
            style="opacity: 0;"
          >
            <a
              href="/movie/619979"
            >
              <div
                class="emotion-3"
              >
                <svg
                  fill="currentColor"
                  height="16"
                  viewBox="0 0 24 24"
                  width="16"
                  xmlns="http://www.w3.org/2000/svg"
                >
                  <path
                    d="M22,9.67A1,1,0,0,0,21.14,9l-5.69-.83L12.9,3a1,1,0,0,0-1.8,0L8.55,8.16,2.86,9a1,1,0,0,0-.81.68,1,1,0,0,0,.25,1l4.13,4-1,5.68a1,1,0,0,0,.4,1,1,1,0,0,0,1.05.07L12,18.76l5.1,2.68a.93.93,0,0,0,.46.12,1,1,0,0,0,.59-.19,1,1,0,0,0,.4-1l-1-5.68,4.13-4A1,1,0,0,0,22,9.67Zm-6.15,4a1,1,0,0,0-.29.89l.72,4.19-3.76-2a1,1,0,0,0-.94,0l-3.76,2,.72-4.19a1,1,0,0,0-.29-.89l-3-3,4.21-.61a1,1,0,0,0,.76-.55L12,5.7l1.88,3.82a1,1,0,0,0,.76.55l4.21.61Z"
                  />
                </svg>
                <p>
                  5.6
                </p>
              </div>
              <div
                class="emotion-4"
              >
                <picture>
                  <source
                    srcset="https://image.tmdb.org/t/p/w500/6yRMyWwjuhKg6IU66uiZIGhaSc8.jpg"
                    type="image/jpeg"
                  />
                  <source
                    srcset="placeholder.png"
                    type="image/png"
                  />
                  <source
                    srcset="placeholderBack.png"
                    type="image/png"
                  />
                  <img
                    alt="Deep Water"
                    class="emotion-5"
                  />
                </picture>
              </div>
              <div
                class="emotion-6"
              >
                <p>
                  Deep Water
                </p>
              </div>
            </a>
          </div>
          <div
            class="emotion-2"
            style="opacity: 0;"
          >
            <a
              href="/movie/768744"
            >
              <div
                class="emotion-3"
              >
                <svg
                  fill="currentColor"
                  height="16"
                  viewBox="0 0 24 24"
                  width="16"
                  xmlns="http://www.w3.org/2000/svg"
                >
                  <path
                    d="M22,9.67A1,1,0,0,0,21.14,9l-5.69-.83L12.9,3a1,1,0,0,0-1.8,0L8.55,8.16,2.86,9a1,1,0,0,0-.81.68,1,1,0,0,0,.25,1l4.13,4-1,5.68a1,1,0,0,0,.4,1,1,1,0,0,0,1.05.07L12,18.76l5.1,2.68a.93.93,0,0,0,.46.12,1,1,0,0,0,.59-.19,1,1,0,0,0,.4-1l-1-5.68,4.13-4A1,1,0,0,0,22,9.67Zm-6.15,4a1,1,0,0,0-.29.89l.72,4.19-3.76-2a1,1,0,0,0-.94,0l-3.76,2,.72-4.19a1,1,0,0,0-.29-.89l-3-3,4.21-.61a1,1,0,0,0,.76-.55L12,5.7l1.88,3.82a1,1,0,0,0,.76.55l4.21.61Z"
                  />
                </svg>
                <p>
                  7.4
                </p>
              </div>
              <div
                class="emotion-4"
              >
                <picture>
                  <source
                    srcset="https://image.tmdb.org/t/p/w500/4NUzcKtYPKkfTwKsLjwNt8nRIXV.jpg"
                    type="image/jpeg"
                  />
                  <source
                    srcset="placeholder.png"
                    type="image/png"
                  />
                  <source
                    srcset="placeholderBack.png"
                    type="image/png"
                  />
                  <img
                    alt="My Hero Academia: World Heroes' Mission"
                    class="emotion-5"
                  />
                </picture>
              </div>
              <div
                class="emotion-6"
              >
                <p>
                  My Hero Academia: World Heroes' Mission
                </p>
              </div>
            </a>
          </div>
          <div
            class="emotion-2"
            style="opacity: 0;"
          >
            <a
              href="/movie/800510"
            >
              <div
                class="emotion-3"
              >
                <svg
                  fill="currentColor"
                  height="16"
                  viewBox="0 0 24 24"
                  width="16"
                  xmlns="http://www.w3.org/2000/svg"
                >
                  <path
                    d="M22,9.67A1,1,0,0,0,21.14,9l-5.69-.83L12.9,3a1,1,0,0,0-1.8,0L8.55,8.16,2.86,9a1,1,0,0,0-.81.68,1,1,0,0,0,.25,1l4.13,4-1,5.68a1,1,0,0,0,.4,1,1,1,0,0,0,1.05.07L12,18.76l5.1,2.68a.93.93,0,0,0,.46.12,1,1,0,0,0,.59-.19,1,1,0,0,0,.4-1l-1-5.68,4.13-4A1,1,0,0,0,22,9.67Zm-6.15,4a1,1,0,0,0-.29.89l.72,4.19-3.76-2a1,1,0,0,0-.94,0l-3.76,2,.72-4.19a1,1,0,0,0-.29-.89l-3-3,4.21-.61a1,1,0,0,0,.76-.55L12,5.7l1.88,3.82a1,1,0,0,0,.76.55l4.21.61Z"
                  />
                </svg>
                <p>
                  6.2
                </p>
              </div>
              <div
                class="emotion-4"
              >
                <picture>
                  <source
                    srcset="https://image.tmdb.org/t/p/w500/okNgwtxIWzGsNlR3GsOS0i0Qgbn.jpg"
                    type="image/jpeg"
                  />
                  <source
                    srcset="placeholder.png"
                    type="image/png"
                  />
                  <source
                    srcset="placeholderBack.png"
                    type="image/png"
                  />
                  <img
                    alt="Kimi"
                    class="emotion-5"
                  />
                </picture>
              </div>
              <div
                class="emotion-6"
              >
                <p>
                  Kimi
                </p>
              </div>
            </a>
          </div>
          <div
            class="emotion-2"
            style="opacity: 0;"
          >
            <a
              href="/movie/524434"
            >
              <div
                class="emotion-3"
              >
                <svg
                  fill="currentColor"
                  height="16"
                  viewBox="0 0 24 24"
                  width="16"
                  xmlns="http://www.w3.org/2000/svg"
                >
                  <path
                    d="M22,9.67A1,1,0,0,0,21.14,9l-5.69-.83L12.9,3a1,1,0,0,0-1.8,0L8.55,8.16,2.86,9a1,1,0,0,0-.81.68,1,1,0,0,0,.25,1l4.13,4-1,5.68a1,1,0,0,0,.4,1,1,1,0,0,0,1.05.07L12,18.76l5.1,2.68a.93.93,0,0,0,.46.12,1,1,0,0,0,.59-.19,1,1,0,0,0,.4-1l-1-5.68,4.13-4A1,1,0,0,0,22,9.67Zm-6.15,4a1,1,0,0,0-.29.89l.72,4.19-3.76-2a1,1,0,0,0-.94,0l-3.76,2,.72-4.19a1,1,0,0,0-.29-.89l-3-3,4.21-.61a1,1,0,0,0,.76-.55L12,5.7l1.88,3.82a1,1,0,0,0,.76.55l4.21.61Z"
                  />
                </svg>
                <p>
                  7.2
                </p>
              </div>
              <div
                class="emotion-4"
              >
                <picture>
                  <source
                    srcset="https://image.tmdb.org/t/p/w500/bcCBq9N1EMo3daNIjWJ8kYvrQm6.jpg"
                    type="image/jpeg"
                  />
                  <source
                    srcset="placeholder.png"
                    type="image/png"
                  />
                  <source
                    srcset="placeholderBack.png"
                    type="image/png"
                  />
                  <img
                    alt="Eternals"
                    class="emotion-5"
                  />
                </picture>
              </div>
              <div
                class="emotion-6"
              >
                <p>
                  Eternals
                </p>
              </div>
            </a>
          </div>
        </div>
      </div>
    </div>
  </body>,
  "container": .emotion-0 {
  width: 100%;
  max-width: 1440px;
  padding: 1rem 5rem;
  margin: 0 auto 2rem auto;
  height: 100%;
}

@media screen and (max-width: 1199.98px) and (min-width: 991.99px) {
  .emotion-0 {
    padding: 1rem 2rem;
  }
}

@media screen and (max-width: 991.98px) and (min-width: 816.99px) {
  .emotion-0 {
    padding: 1rem 1.5rem;
  }
}

@media screen and (max-width: 816.98px) and (min-width: 575.99px) {
  .emotion-0 {
    padding: 1rem 1.2rem;
  }
}

@media screen and (max-width: 575.98px) {
  .emotion-0 {
    padding: 1rem 1rem;
  }
}

.emotion-1 {
  display: grid;
  grid-template-columns: repeat(4, minmax(0, 1fr));
  row-gap: 1.4rem;
  -webkit-column-gap: 1.4rem;
  column-gap: 1.4rem;
  -webkit-align-items: start;
  -webkit-box-align: start;
  -ms-flex-align: start;
  align-items: start;
}

@media screen and (max-width: 1199.98px) and (min-width: 991.99px) {
  .emotion-1 {
    grid-template-columns: repeat(3, minmax(0, 1fr));
    -webkit-transition: all 0.5s;
    transition: all 0.5s;
  }
}

@media screen and (max-width: 991.98px) and (min-width: 816.99px) {
  .emotion-1 {
    row-gap: 0.8rem;
    -webkit-column-gap: 0.8rem;
    column-gap: 0.8rem;
    -webkit-transition: all 0.5s;
    transition: all 0.5s;
  }
}

@media screen and (max-width: 816.98px) and (min-width: 575.99px) {
  .emotion-1 {
    grid-template-columns: repeat(2, minmax(0, 1fr));
    row-gap: 0.8rem;
    -webkit-column-gap: 0.8rem;
    column-gap: 0.8rem;
    -webkit-transition: all 0.5s;
    transition: all 0.5s;
  }
}

@media screen and (max-width: 575.98px) {
  .emotion-1 {
    grid-template-columns: repeat(1, minmax(0, 1fr));
    -webkit-transition: all 0.5s;
    transition: all 0.5s;
  }
}

.emotion-2 {
  position: relative;
  border-radius: 1rem;
  overflow: hidden;
  background-color: hsla(224, 39%, 11.6%, 0.9);
  width: 100%;
  min-height: 100%;
}

.emotion-3 {
  color: hsla(33, 100%, 71.4%, 1);
  background-color: hsla(0, 0%, 0%, 0.75);
  border-radius: 0.5rem;
  display: -webkit-box;
  display: -webkit-flex;
  display: -ms-flexbox;
  display: flex;
  -webkit-flex-direction: row;
  -ms-flex-direction: row;
  flex-direction: row;
  -webkit-align-items: center;
  -webkit-box-align: center;
  -ms-flex-align: center;
  align-items: center;
  gap: 0.1rem;
  z-index: 2;
  top: 0.6rem;
  left: 0.6rem;
  position: absolute;
  padding: 0.25rem 0.5rem;
}

.emotion-3 p {
  color: hsla(33, 100%, 71.4%, 1);
}

.emotion-4 {
  display: inline-block;
  border-radius: 1rem;
  width: 100%;
  height: 88%;
  overflow: hidden;
}

.emotion-5 {
  display: block;
  object-fit: cover;
  width: 100%;
  height: 100%;
  vertical-align: middle;
}

.emotion-6 {
  padding: 0.5rem;
  margin-bottom: 0.5rem;
  overflow: hidden;
}

.emotion-6 p {
  color: hsla(222, 33.3%, 94.1%, 1);
  font-weight: 600;
}

.emotion-6 p:hover {
  color: hsla(0, 0%, 100%, 1);
  -webkit-transition: color 0.3s;
  transition: color 0.3s;
}

<div>
    <div
      class="emotion-0"
    >
      <h1>
        Popular movies
      </h1>
      <br />
      <div
        class="emotion-1"
      >
        <div
          class="emotion-2"
          style="opacity: 0;"
        >
          <a
            href="/movie/508947"
          >
            <div
              class="emotion-3"
            >
              <svg
                fill="currentColor"
                height="16"
                viewBox="0 0 24 24"
                width="16"
                xmlns="http://www.w3.org/2000/svg"
              >
                <path
                  d="M22,9.67A1,1,0,0,0,21.14,9l-5.69-.83L12.9,3a1,1,0,0,0-1.8,0L8.55,8.16,2.86,9a1,1,0,0,0-.81.68,1,1,0,0,0,.25,1l4.13,4-1,5.68a1,1,0,0,0,.4,1,1,1,0,0,0,1.05.07L12,18.76l5.1,2.68a.93.93,0,0,0,.46.12,1,1,0,0,0,.59-.19,1,1,0,0,0,.4-1l-1-5.68,4.13-4A1,1,0,0,0,22,9.67Zm-6.15,4a1,1,0,0,0-.29.89l.72,4.19-3.76-2a1,1,0,0,0-.94,0l-3.76,2,.72-4.19a1,1,0,0,0-.29-.89l-3-3,4.21-.61a1,1,0,0,0,.76-.55L12,5.7l1.88,3.82a1,1,0,0,0,.76.55l4.21.61Z"
                />
              </svg>
              <p>
                7.5
              </p>
            </div>
            <div
              class="emotion-4"
            >
              <picture>
                <source
                  srcset="https://image.tmdb.org/t/p/w500/qsdjk9oAKSQMWs0Vt5Pyfh6O4GZ.jpg"
                  type="image/jpeg"
                />
                <source
                  srcset="placeholder.png"
                  type="image/png"
                />
                <source
                  srcset="placeholderBack.png"
                  type="image/png"
                />
                <img
                  alt="Turning Red"
                  class="emotion-5"
                />
              </picture>
            </div>
            <div
              class="emotion-6"
            >
              <p>
                Turning Red
              </p>
            </div>
          </a>
        </div>
        <div
          class="emotion-2"
          style="opacity: 0;"
        >
          <a
            href="/movie/634649"
          >
            <div
              class="emotion-3"
            >
              <svg
                fill="currentColor"
                height="16"
                viewBox="0 0 24 24"
                width="16"
                xmlns="http://www.w3.org/2000/svg"
              >
                <path
                  d="M22,9.67A1,1,0,0,0,21.14,9l-5.69-.83L12.9,3a1,1,0,0,0-1.8,0L8.55,8.16,2.86,9a1,1,0,0,0-.81.68,1,1,0,0,0,.25,1l4.13,4-1,5.68a1,1,0,0,0,.4,1,1,1,0,0,0,1.05.07L12,18.76l5.1,2.68a.93.93,0,0,0,.46.12,1,1,0,0,0,.59-.19,1,1,0,0,0,.4-1l-1-5.68,4.13-4A1,1,0,0,0,22,9.67Zm-6.15,4a1,1,0,0,0-.29.89l.72,4.19-3.76-2a1,1,0,0,0-.94,0l-3.76,2,.72-4.19a1,1,0,0,0-.29-.89l-3-3,4.21-.61a1,1,0,0,0,.76-.55L12,5.7l1.88,3.82a1,1,0,0,0,.76.55l4.21.61Z"
                />
              </svg>
              <p>
                8.2
              </p>
            </div>
            <div
              class="emotion-4"
            >
              <picture>
                <source
                  srcset="https://image.tmdb.org/t/p/w500/1g0dhYtq4irTY1GPXvft6k4YLjm.jpg"
                  type="image/jpeg"
                />
                <source
                  srcset="placeholder.png"
                  type="image/png"
                />
                <source
                  srcset="placeholderBack.png"
                  type="image/png"
                />
                <img
                  alt="Spider-Man: No Way Home"
                  class="emotion-5"
                />
              </picture>
            </div>
            <div
              class="emotion-6"
            >
              <p>
                Spider-Man: No Way Home
              </p>
            </div>
          </a>
        </div>
        <div
          class="emotion-2"
          style="opacity: 0;"
        >
          <a
            href="/movie/760868"
          >
            <div
              class="emotion-3"
            >
              <svg
                fill="currentColor"
                height="16"
                viewBox="0 0 24 24"
                width="16"
                xmlns="http://www.w3.org/2000/svg"
              >
                <path
                  d="M22,9.67A1,1,0,0,0,21.14,9l-5.69-.83L12.9,3a1,1,0,0,0-1.8,0L8.55,8.16,2.86,9a1,1,0,0,0-.81.68,1,1,0,0,0,.25,1l4.13,4-1,5.68a1,1,0,0,0,.4,1,1,1,0,0,0,1.05.07L12,18.76l5.1,2.68a.93.93,0,0,0,.46.12,1,1,0,0,0,.59-.19,1,1,0,0,0,.4-1l-1-5.68,4.13-4A1,1,0,0,0,22,9.67Zm-6.15,4a1,1,0,0,0-.29.89l.72,4.19-3.76-2a1,1,0,0,0-.94,0l-3.76,2,.72-4.19a1,1,0,0,0-.29-.89l-3-3,4.21-.61a1,1,0,0,0,.76-.55L12,5.7l1.88,3.82a1,1,0,0,0,.76.55l4.21.61Z"
                />
              </svg>
              <p>
                6
              </p>
            </div>
            <div
              class="emotion-4"
            >
              <picture>
                <source
                  srcset="https://image.tmdb.org/t/p/w500/mcIYHZYwUbvhvUt8Lb5nENJ7AlX.jpg"
                  type="image/jpeg"
                />
                <source
                  srcset="placeholder.png"
                  type="image/png"
                />
                <source
                  srcset="placeholderBack.png"
                  type="image/png"
                />
                <img
                  alt="Black Crab"
                  class="emotion-5"
                />
              </picture>
            </div>
            <div
              class="emotion-6"
            >
              <p>
                Black Crab
              </p>
            </div>
          </a>
        </div>
        <div
          class="emotion-2"
          style="opacity: 0;"
        >
          <a
            href="/movie/696806"
          >
            <div
              class="emotion-3"
            >
              <svg
                fill="currentColor"
                height="16"
                viewBox="0 0 24 24"
                width="16"
                xmlns="http://www.w3.org/2000/svg"
              >
                <path
                  d="M22,9.67A1,1,0,0,0,21.14,9l-5.69-.83L12.9,3a1,1,0,0,0-1.8,0L8.55,8.16,2.86,9a1,1,0,0,0-.81.68,1,1,0,0,0,.25,1l4.13,4-1,5.68a1,1,0,0,0,.4,1,1,1,0,0,0,1.05.07L12,18.76l5.1,2.68a.93.93,0,0,0,.46.12,1,1,0,0,0,.59-.19,1,1,0,0,0,.4-1l-1-5.68,4.13-4A1,1,0,0,0,22,9.67Zm-6.15,4a1,1,0,0,0-.29.89l.72,4.19-3.76-2a1,1,0,0,0-.94,0l-3.76,2,.72-4.19a1,1,0,0,0-.29-.89l-3-3,4.21-.61a1,1,0,0,0,.76-.55L12,5.7l1.88,3.82a1,1,0,0,0,.76.55l4.21.61Z"
                />
              </svg>
              <p>
                7.1
              </p>
            </div>
            <div
              class="emotion-4"
            >
              <picture>
                <source
                  srcset="https://image.tmdb.org/t/p/w500/wFjboE0aFZNbVOF05fzrka9Fqyx.jpg"
                  type="image/jpeg"
                />
                <source
                  srcset="placeholder.png"
                  type="image/png"
                />
                <source
                  srcset="placeholderBack.png"
                  type="image/png"
                />
                <img
                  alt="The Adam Project"
                  class="emotion-5"
                />
              </picture>
            </div>
            <div
              class="emotion-6"
            >
              <p>
                The Adam Project
              </p>
            </div>
          </a>
        </div>
        <div
          class="emotion-2"
          style="opacity: 0;"
        >
          <a
            href="/movie/568124"
          >
            <div
              class="emotion-3"
            >
              <svg
                fill="currentColor"
                height="16"
                viewBox="0 0 24 24"
                width="16"
                xmlns="http://www.w3.org/2000/svg"
              >
                <path
                  d="M22,9.67A1,1,0,0,0,21.14,9l-5.69-.83L12.9,3a1,1,0,0,0-1.8,0L8.55,8.16,2.86,9a1,1,0,0,0-.81.68,1,1,0,0,0,.25,1l4.13,4-1,5.68a1,1,0,0,0,.4,1,1,1,0,0,0,1.05.07L12,18.76l5.1,2.68a.93.93,0,0,0,.46.12,1,1,0,0,0,.59-.19,1,1,0,0,0,.4-1l-1-5.68,4.13-4A1,1,0,0,0,22,9.67Zm-6.15,4a1,1,0,0,0-.29.89l.72,4.19-3.76-2a1,1,0,0,0-.94,0l-3.76,2,.72-4.19a1,1,0,0,0-.29-.89l-3-3,4.21-.61a1,1,0,0,0,.76-.55L12,5.7l1.88,3.82a1,1,0,0,0,.76.55l4.21.61Z"
                />
              </svg>
              <p>
                7.7
              </p>
            </div>
            <div
              class="emotion-4"
            >
              <picture>
                <source
                  srcset="https://image.tmdb.org/t/p/w500/4j0PNHkMr5ax3IA8tjtxcmPU3QT.jpg"
                  type="image/jpeg"
                />
                <source
                  srcset="placeholder.png"
                  type="image/png"
                />
                <source
                  srcset="placeholderBack.png"
                  type="image/png"
                />
                <img
                  alt="Encanto"
                  class="emotion-5"
                />
              </picture>
            </div>
            <div
              class="emotion-6"
            >
              <p>
                Encanto
              </p>
            </div>
          </a>
        </div>
        <div
          class="emotion-2"
          style="opacity: 0;"
        >
          <a
            href="/movie/823625"
          >
            <div
              class="emotion-3"
            >
              <svg
                fill="currentColor"
                height="16"
                viewBox="0 0 24 24"
                width="16"
                xmlns="http://www.w3.org/2000/svg"
              >
                <path
                  d="M22,9.67A1,1,0,0,0,21.14,9l-5.69-.83L12.9,3a1,1,0,0,0-1.8,0L8.55,8.16,2.86,9a1,1,0,0,0-.81.68,1,1,0,0,0,.25,1l4.13,4-1,5.68a1,1,0,0,0,.4,1,1,1,0,0,0,1.05.07L12,18.76l5.1,2.68a.93.93,0,0,0,.46.12,1,1,0,0,0,.59-.19,1,1,0,0,0,.4-1l-1-5.68,4.13-4A1,1,0,0,0,22,9.67Zm-6.15,4a1,1,0,0,0-.29.89l.72,4.19-3.76-2a1,1,0,0,0-.94,0l-3.76,2,.72-4.19a1,1,0,0,0-.29-.89l-3-3,4.21-.61a1,1,0,0,0,.76-.55L12,5.7l1.88,3.82a1,1,0,0,0,.76.55l4.21.61Z"
                />
              </svg>
              <p>
                5.9
              </p>
            </div>
            <div
              class="emotion-4"
            >
              <picture>
                <source
                  srcset="https://image.tmdb.org/t/p/w500/7gFo1PEbe1CoSgNTnjCGdZbw0zP.jpg"
                  type="image/jpeg"
                />
                <source
                  srcset="placeholder.png"
                  type="image/png"
                />
                <source
                  srcset="placeholderBack.png"
                  type="image/png"
                />
                <img
                  alt="Blacklight"
                  class="emotion-5"
                />
              </picture>
            </div>
            <div
              class="emotion-6"
            >
              <p>
                Blacklight
              </p>
            </div>
          </a>
        </div>
        <div
          class="emotion-2"
          style="opacity: 0;"
        >
          <a
            href="/movie/414906"
          >
            <div
              class="emotion-3"
            >
              <svg
                fill="currentColor"
                height="16"
                viewBox="0 0 24 24"
                width="16"
                xmlns="http://www.w3.org/2000/svg"
              >
                <path
                  d="M22,9.67A1,1,0,0,0,21.14,9l-5.69-.83L12.9,3a1,1,0,0,0-1.8,0L8.55,8.16,2.86,9a1,1,0,0,0-.81.68,1,1,0,0,0,.25,1l4.13,4-1,5.68a1,1,0,0,0,.4,1,1,1,0,0,0,1.05.07L12,18.76l5.1,2.68a.93.93,0,0,0,.46.12,1,1,0,0,0,.59-.19,1,1,0,0,0,.4-1l-1-5.68,4.13-4A1,1,0,0,0,22,9.67Zm-6.15,4a1,1,0,0,0-.29.89l.72,4.19-3.76-2a1,1,0,0,0-.94,0l-3.76,2,.72-4.19a1,1,0,0,0-.29-.89l-3-3,4.21-.61a1,1,0,0,0,.76-.55L12,5.7l1.88,3.82a1,1,0,0,0,.76.55l4.21.61Z"
                />
              </svg>
              <p>
                7.9
              </p>
            </div>
            <div
              class="emotion-4"
            >
              <picture>
                <source
                  srcset="https://image.tmdb.org/t/p/w500/74xTEgt7R36Fpooo50r9T25onhq.jpg"
                  type="image/jpeg"
                />
                <source
                  srcset="placeholder.png"
                  type="image/png"
                />
                <source
                  srcset="placeholderBack.png"
                  type="image/png"
                />
                <img
                  alt="The Batman"
                  class="emotion-5"
                />
              </picture>
            </div>
            <div
              class="emotion-6"
            >
              <p>
                The Batman
              </p>
            </div>
          </a>
        </div>
        <div
          class="emotion-2"
          style="opacity: 0;"
        >
          <a
            href="/movie/676705"
          >
            <div
              class="emotion-3"
            >
              <svg
                fill="currentColor"
                height="16"
                viewBox="0 0 24 24"
                width="16"
                xmlns="http://www.w3.org/2000/svg"
              >
                <path
                  d="M22,9.67A1,1,0,0,0,21.14,9l-5.69-.83L12.9,3a1,1,0,0,0-1.8,0L8.55,8.16,2.86,9a1,1,0,0,0-.81.68,1,1,0,0,0,.25,1l4.13,4-1,5.68a1,1,0,0,0,.4,1,1,1,0,0,0,1.05.07L12,18.76l5.1,2.68a.93.93,0,0,0,.46.12,1,1,0,0,0,.59-.19,1,1,0,0,0,.4-1l-1-5.68,4.13-4A1,1,0,0,0,22,9.67Zm-6.15,4a1,1,0,0,0-.29.89l.72,4.19-3.76-2a1,1,0,0,0-.94,0l-3.76,2,.72-4.19a1,1,0,0,0-.29-.89l-3-3,4.21-.61a1,1,0,0,0,.76-.55L12,5.7l1.88,3.82a1,1,0,0,0,.76.55l4.21.61Z"
                />
              </svg>
              <p>
                7
              </p>
            </div>
            <div
              class="emotion-4"
            >
              <picture>
                <source
                  srcset="https://image.tmdb.org/t/p/w500/xy6wQ09rMIN2FfWPHJXCWyRZ3P9.jpg"
                  type="image/jpeg"
                />
                <source
                  srcset="placeholder.png"
                  type="image/png"
                />
                <source
                  srcset="placeholderBack.png"
                  type="image/png"
                />
                <img
                  alt="Pil's Adventures"
                  class="emotion-5"
                />
              </picture>
            </div>
            <div
              class="emotion-6"
            >
              <p>
                Pil's Adventures
              </p>
            </div>
          </a>
        </div>
        <div
          class="emotion-2"
          style="opacity: 0;"
        >
          <a
            href="/movie/656663"
          >
            <div
              class="emotion-3"
            >
              <svg
                fill="currentColor"
                height="16"
                viewBox="0 0 24 24"
                width="16"
                xmlns="http://www.w3.org/2000/svg"
              >
                <path
                  d="M22,9.67A1,1,0,0,0,21.14,9l-5.69-.83L12.9,3a1,1,0,0,0-1.8,0L8.55,8.16,2.86,9a1,1,0,0,0-.81.68,1,1,0,0,0,.25,1l4.13,4-1,5.68a1,1,0,0,0,.4,1,1,1,0,0,0,1.05.07L12,18.76l5.1,2.68a.93.93,0,0,0,.46.12,1,1,0,0,0,.59-.19,1,1,0,0,0,.4-1l-1-5.68,4.13-4A1,1,0,0,0,22,9.67Zm-6.15,4a1,1,0,0,0-.29.89l.72,4.19-3.76-2a1,1,0,0,0-.94,0l-3.76,2,.72-4.19a1,1,0,0,0-.29-.89l-3-3,4.21-.61a1,1,0,0,0,.76-.55L12,5.7l1.88,3.82a1,1,0,0,0,.76.55l4.21.61Z"
                />
              </svg>
              <p>
                7.1
              </p>
            </div>
            <div
              class="emotion-4"
            >
              <picture>
                <source
                  srcset="https://image.tmdb.org/t/p/w500/ugIdyvtAzHWOguD91UjHKoAvfum.jpg"
                  type="image/jpeg"
                />
                <source
                  srcset="placeholder.png"
                  type="image/png"
                />
                <source
                  srcset="placeholderBack.png"
                  type="image/png"
                />
                <img
                  alt="Jackass Forever"
                  class="emotion-5"
                />
              </picture>
            </div>
            <div
              class="emotion-6"
            >
              <p>
                Jackass Forever
              </p>
            </div>
          </a>
        </div>
        <div
          class="emotion-2"
          style="opacity: 0;"
        >
          <a
            href="/movie/661791"
          >
            <div
              class="emotion-3"
            >
              <svg
                fill="currentColor"
                height="16"
                viewBox="0 0 24 24"
                width="16"
                xmlns="http://www.w3.org/2000/svg"
              >
                <path
                  d="M22,9.67A1,1,0,0,0,21.14,9l-5.69-.83L12.9,3a1,1,0,0,0-1.8,0L8.55,8.16,2.86,9a1,1,0,0,0-.81.68,1,1,0,0,0,.25,1l4.13,4-1,5.68a1,1,0,0,0,.4,1,1,1,0,0,0,1.05.07L12,18.76l5.1,2.68a.93.93,0,0,0,.46.12,1,1,0,0,0,.59-.19,1,1,0,0,0,.4-1l-1-5.68,4.13-4A1,1,0,0,0,22,9.67Zm-6.15,4a1,1,0,0,0-.29.89l.72,4.19-3.76-2a1,1,0,0,0-.94,0l-3.76,2,.72-4.19a1,1,0,0,0-.29-.89l-3-3,4.21-.61a1,1,0,0,0,.76-.55L12,5.7l1.88,3.82a1,1,0,0,0,.76.55l4.21.61Z"
                />
              </svg>
              <p>
                6.2
              </p>
            </div>
            <div
              class="emotion-4"
            >
              <picture>
                <source
                  srcset="https://image.tmdb.org/t/p/w500/cdzUKycvzn0X6mQMxDZP9el81lz.jpg"
                  type="image/jpeg"
                />
                <source
                  srcset="placeholder.png"
                  type="image/png"
                />
                <source
                  srcset="placeholderBack.png"
                  type="image/png"
                />
                <img
                  alt="The Grandmother"
                  class="emotion-5"
                />
              </picture>
            </div>
            <div
              class="emotion-6"
            >
              <p>
                The Grandmother
              </p>
            </div>
          </a>
        </div>
        <div
          class="emotion-2"
          style="opacity: 0;"
        >
          <a
            href="/movie/833425"
          >
            <div
              class="emotion-3"
            >
              <svg
                fill="currentColor"
                height="16"
                viewBox="0 0 24 24"
                width="16"
                xmlns="http://www.w3.org/2000/svg"
              >
                <path
                  d="M22,9.67A1,1,0,0,0,21.14,9l-5.69-.83L12.9,3a1,1,0,0,0-1.8,0L8.55,8.16,2.86,9a1,1,0,0,0-.81.68,1,1,0,0,0,.25,1l4.13,4-1,5.68a1,1,0,0,0,.4,1,1,1,0,0,0,1.05.07L12,18.76l5.1,2.68a.93.93,0,0,0,.46.12,1,1,0,0,0,.59-.19,1,1,0,0,0,.4-1l-1-5.68,4.13-4A1,1,0,0,0,22,9.67Zm-6.15,4a1,1,0,0,0-.29.89l.72,4.19-3.76-2a1,1,0,0,0-.94,0l-3.76,2,.72-4.19a1,1,0,0,0-.29-.89l-3-3,4.21-.61a1,1,0,0,0,.76-.55L12,5.7l1.88,3.82a1,1,0,0,0,.76.55l4.21.61Z"
                />
              </svg>
              <p>
                6.5
              </p>
            </div>
            <div
              class="emotion-4"
            >
              <picture>
                <source
                  srcset="https://image.tmdb.org/t/p/w500/5cnLoWq9o5tuLe1Zq4BTX4LwZ2B.jpg"
                  type="image/jpeg"
                />
                <source
                  srcset="placeholder.png"
                  type="image/png"
                />
                <source
                  srcset="placeholderBack.png"
                  type="image/png"
                />
                <img
                  alt="No Exit"
                  class="emotion-5"
                />
              </picture>
            </div>
            <div
              class="emotion-6"
            >
              <p>
                No Exit
              </p>
            </div>
          </a>
        </div>
        <div
          class="emotion-2"
          style="opacity: 0;"
        >
          <a
            href="/movie/760926"
          >
            <div
              class="emotion-3"
            >
              <svg
                fill="currentColor"
                height="16"
                viewBox="0 0 24 24"
                width="16"
                xmlns="http://www.w3.org/2000/svg"
              >
                <path
                  d="M22,9.67A1,1,0,0,0,21.14,9l-5.69-.83L12.9,3a1,1,0,0,0-1.8,0L8.55,8.16,2.86,9a1,1,0,0,0-.81.68,1,1,0,0,0,.25,1l4.13,4-1,5.68a1,1,0,0,0,.4,1,1,1,0,0,0,1.05.07L12,18.76l5.1,2.68a.93.93,0,0,0,.46.12,1,1,0,0,0,.59-.19,1,1,0,0,0,.4-1l-1-5.68,4.13-4A1,1,0,0,0,22,9.67Zm-6.15,4a1,1,0,0,0-.29.89l.72,4.19-3.76-2a1,1,0,0,0-.94,0l-3.76,2,.72-4.19a1,1,0,0,0-.29-.89l-3-3,4.21-.61a1,1,0,0,0,.76-.55L12,5.7l1.88,3.82a1,1,0,0,0,.76.55l4.21.61Z"
                />
              </svg>
              <p>
                6.5
              </p>
            </div>
            <div
              class="emotion-4"
            >
              <picture>
                <source
                  srcset="https://image.tmdb.org/t/p/w500/ejXBuNLvK4kZ7YcqeKqUWnCxdJq.jpg"
                  type="image/jpeg"
                />
                <source
                  srcset="placeholder.png"
                  type="image/png"
                />
                <source
                  srcset="placeholderBack.png"
                  type="image/png"
                />
                <img
                  alt="Gold"
                  class="emotion-5"
                />
              </picture>
            </div>
            <div
              class="emotion-6"
            >
              <p>
                Gold
              </p>
            </div>
          </a>
        </div>
        <div
          class="emotion-2"
          style="opacity: 0;"
        >
          <a
            href="/movie/512195"
          >
            <div
              class="emotion-3"
            >
              <svg
                fill="currentColor"
                height="16"
                viewBox="0 0 24 24"
                width="16"
                xmlns="http://www.w3.org/2000/svg"
              >
                <path
                  d="M22,9.67A1,1,0,0,0,21.14,9l-5.69-.83L12.9,3a1,1,0,0,0-1.8,0L8.55,8.16,2.86,9a1,1,0,0,0-.81.68,1,1,0,0,0,.25,1l4.13,4-1,5.68a1,1,0,0,0,.4,1,1,1,0,0,0,1.05.07L12,18.76l5.1,2.68a.93.93,0,0,0,.46.12,1,1,0,0,0,.59-.19,1,1,0,0,0,.4-1l-1-5.68,4.13-4A1,1,0,0,0,22,9.67Zm-6.15,4a1,1,0,0,0-.29.89l.72,4.19-3.76-2a1,1,0,0,0-.94,0l-3.76,2,.72-4.19a1,1,0,0,0-.29-.89l-3-3,4.21-.61a1,1,0,0,0,.76-.55L12,5.7l1.88,3.82a1,1,0,0,0,.76.55l4.21.61Z"
                />
              </svg>
              <p>
                6.8
              </p>
            </div>
            <div
              class="emotion-4"
            >
              <picture>
                <source
                  srcset="https://image.tmdb.org/t/p/w500/lAXONuqg41NwUMuzMiFvicDET9Y.jpg"
                  type="image/jpeg"
                />
                <source
                  srcset="placeholder.png"
                  type="image/png"
                />
                <source
                  srcset="placeholderBack.png"
                  type="image/png"
                />
                <img
                  alt="Red Notice"
                  class="emotion-5"
                />
              </picture>
            </div>
            <div
              class="emotion-6"
            >
              <p>
                Red Notice
              </p>
            </div>
          </a>
        </div>
        <div
          class="emotion-2"
          style="opacity: 0;"
        >
          <a
            href="/movie/928381"
          >
            <div
              class="emotion-3"
            >
              <svg
                fill="currentColor"
                height="16"
                viewBox="0 0 24 24"
                width="16"
                xmlns="http://www.w3.org/2000/svg"
              >
                <path
                  d="M22,9.67A1,1,0,0,0,21.14,9l-5.69-.83L12.9,3a1,1,0,0,0-1.8,0L8.55,8.16,2.86,9a1,1,0,0,0-.81.68,1,1,0,0,0,.25,1l4.13,4-1,5.68a1,1,0,0,0,.4,1,1,1,0,0,0,1.05.07L12,18.76l5.1,2.68a.93.93,0,0,0,.46.12,1,1,0,0,0,.59-.19,1,1,0,0,0,.4-1l-1-5.68,4.13-4A1,1,0,0,0,22,9.67Zm-6.15,4a1,1,0,0,0-.29.89l.72,4.19-3.76-2a1,1,0,0,0-.94,0l-3.76,2,.72-4.19a1,1,0,0,0-.29-.89l-3-3,4.21-.61a1,1,0,0,0,.76-.55L12,5.7l1.88,3.82a1,1,0,0,0,.76.55l4.21.61Z"
                />
              </svg>
              <p>
                5.8
              </p>
            </div>
            <div
              class="emotion-4"
            >
              <picture>
                <source
                  srcset="https://image.tmdb.org/t/p/w500/9MP21x0OPv0R72obd63tMHssmGt.jpg"
                  type="image/jpeg"
                />
                <source
                  srcset="placeholder.png"
                  type="image/png"
                />
                <source
                  srcset="placeholderBack.png"
                  type="image/png"
                />
                <img
                  alt="Restless"
                  class="emotion-5"
                />
              </picture>
            </div>
            <div
              class="emotion-6"
            >
              <p>
                Restless
              </p>
            </div>
          </a>
        </div>
        <div
          class="emotion-2"
          style="opacity: 0;"
        >
          <a
            href="/movie/476669"
          >
            <div
              class="emotion-3"
            >
              <svg
                fill="currentColor"
                height="16"
                viewBox="0 0 24 24"
                width="16"
                xmlns="http://www.w3.org/2000/svg"
              >
                <path
                  d="M22,9.67A1,1,0,0,0,21.14,9l-5.69-.83L12.9,3a1,1,0,0,0-1.8,0L8.55,8.16,2.86,9a1,1,0,0,0-.81.68,1,1,0,0,0,.25,1l4.13,4-1,5.68a1,1,0,0,0,.4,1,1,1,0,0,0,1.05.07L12,18.76l5.1,2.68a.93.93,0,0,0,.46.12,1,1,0,0,0,.59-.19,1,1,0,0,0,.4-1l-1-5.68,4.13-4A1,1,0,0,0,22,9.67Zm-6.15,4a1,1,0,0,0-.29.89l.72,4.19-3.76-2a1,1,0,0,0-.94,0l-3.76,2,.72-4.19a1,1,0,0,0-.29-.89l-3-3,4.21-.61a1,1,0,0,0,.76-.55L12,5.7l1.88,3.82a1,1,0,0,0,.76.55l4.21.61Z"
                />
              </svg>
              <p>
                7
              </p>
            </div>
            <div
              class="emotion-4"
            >
              <picture>
                <source
                  srcset="https://image.tmdb.org/t/p/w500/aq4Pwv5Xeuvj6HZKtxyd23e6bE9.jpg"
                  type="image/jpeg"
                />
                <source
                  srcset="placeholder.png"
                  type="image/png"
                />
                <source
                  srcset="placeholderBack.png"
                  type="image/png"
                />
                <img
                  alt="The King's Man"
                  class="emotion-5"
                />
              </picture>
            </div>
            <div
              class="emotion-6"
            >
              <p>
                The King's Man
              </p>
            </div>
          </a>
        </div>
        <div
          class="emotion-2"
          style="opacity: 0;"
        >
          <a
            href="/movie/585083"
          >
            <div
              class="emotion-3"
            >
              <svg
                fill="currentColor"
                height="16"
                viewBox="0 0 24 24"
                width="16"
                xmlns="http://www.w3.org/2000/svg"
              >
                <path
                  d="M22,9.67A1,1,0,0,0,21.14,9l-5.69-.83L12.9,3a1,1,0,0,0-1.8,0L8.55,8.16,2.86,9a1,1,0,0,0-.81.68,1,1,0,0,0,.25,1l4.13,4-1,5.68a1,1,0,0,0,.4,1,1,1,0,0,0,1.05.07L12,18.76l5.1,2.68a.93.93,0,0,0,.46.12,1,1,0,0,0,.59-.19,1,1,0,0,0,.4-1l-1-5.68,4.13-4A1,1,0,0,0,22,9.67Zm-6.15,4a1,1,0,0,0-.29.89l.72,4.19-3.76-2a1,1,0,0,0-.94,0l-3.76,2,.72-4.19a1,1,0,0,0-.29-.89l-3-3,4.21-.61a1,1,0,0,0,.76-.55L12,5.7l1.88,3.82a1,1,0,0,0,.76.55l4.21.61Z"
                />
              </svg>
              <p>
                7.1
              </p>
            </div>
            <div
              class="emotion-4"
            >
              <picture>
                <source
                  srcset="https://image.tmdb.org/t/p/w500/teCy1egGQa0y8ULJvlrDHQKnxBL.jpg"
                  type="image/jpeg"
                />
                <source
                  srcset="placeholder.png"
                  type="image/png"
                />
                <source
                  srcset="placeholderBack.png"
                  type="image/png"
                />
                <img
                  alt="Hotel Transylvania: Transformania"
                  class="emotion-5"
                />
              </picture>
            </div>
            <div
              class="emotion-6"
            >
              <p>
                Hotel Transylvania: Transformania
              </p>
            </div>
          </a>
        </div>
        <div
          class="emotion-2"
          style="opacity: 0;"
        >
          <a
            href="/movie/619979"
          >
            <div
              class="emotion-3"
            >
              <svg
                fill="currentColor"
                height="16"
                viewBox="0 0 24 24"
                width="16"
                xmlns="http://www.w3.org/2000/svg"
              >
                <path
                  d="M22,9.67A1,1,0,0,0,21.14,9l-5.69-.83L12.9,3a1,1,0,0,0-1.8,0L8.55,8.16,2.86,9a1,1,0,0,0-.81.68,1,1,0,0,0,.25,1l4.13,4-1,5.68a1,1,0,0,0,.4,1,1,1,0,0,0,1.05.07L12,18.76l5.1,2.68a.93.93,0,0,0,.46.12,1,1,0,0,0,.59-.19,1,1,0,0,0,.4-1l-1-5.68,4.13-4A1,1,0,0,0,22,9.67Zm-6.15,4a1,1,0,0,0-.29.89l.72,4.19-3.76-2a1,1,0,0,0-.94,0l-3.76,2,.72-4.19a1,1,0,0,0-.29-.89l-3-3,4.21-.61a1,1,0,0,0,.76-.55L12,5.7l1.88,3.82a1,1,0,0,0,.76.55l4.21.61Z"
                />
              </svg>
              <p>
                5.6
              </p>
            </div>
            <div
              class="emotion-4"
            >
              <picture>
                <source
                  srcset="https://image.tmdb.org/t/p/w500/6yRMyWwjuhKg6IU66uiZIGhaSc8.jpg"
                  type="image/jpeg"
                />
                <source
                  srcset="placeholder.png"
                  type="image/png"
                />
                <source
                  srcset="placeholderBack.png"
                  type="image/png"
                />
                <img
                  alt="Deep Water"
                  class="emotion-5"
                />
              </picture>
            </div>
            <div
              class="emotion-6"
            >
              <p>
                Deep Water
              </p>
            </div>
          </a>
        </div>
        <div
          class="emotion-2"
          style="opacity: 0;"
        >
          <a
            href="/movie/768744"
          >
            <div
              class="emotion-3"
            >
              <svg
                fill="currentColor"
                height="16"
                viewBox="0 0 24 24"
                width="16"
                xmlns="http://www.w3.org/2000/svg"
              >
                <path
                  d="M22,9.67A1,1,0,0,0,21.14,9l-5.69-.83L12.9,3a1,1,0,0,0-1.8,0L8.55,8.16,2.86,9a1,1,0,0,0-.81.68,1,1,0,0,0,.25,1l4.13,4-1,5.68a1,1,0,0,0,.4,1,1,1,0,0,0,1.05.07L12,18.76l5.1,2.68a.93.93,0,0,0,.46.12,1,1,0,0,0,.59-.19,1,1,0,0,0,.4-1l-1-5.68,4.13-4A1,1,0,0,0,22,9.67Zm-6.15,4a1,1,0,0,0-.29.89l.72,4.19-3.76-2a1,1,0,0,0-.94,0l-3.76,2,.72-4.19a1,1,0,0,0-.29-.89l-3-3,4.21-.61a1,1,0,0,0,.76-.55L12,5.7l1.88,3.82a1,1,0,0,0,.76.55l4.21.61Z"
                />
              </svg>
              <p>
                7.4
              </p>
            </div>
            <div
              class="emotion-4"
            >
              <picture>
                <source
                  srcset="https://image.tmdb.org/t/p/w500/4NUzcKtYPKkfTwKsLjwNt8nRIXV.jpg"
                  type="image/jpeg"
                />
                <source
                  srcset="placeholder.png"
                  type="image/png"
                />
                <source
                  srcset="placeholderBack.png"
                  type="image/png"
                />
                <img
                  alt="My Hero Academia: World Heroes' Mission"
                  class="emotion-5"
                />
              </picture>
            </div>
            <div
              class="emotion-6"
            >
              <p>
                My Hero Academia: World Heroes' Mission
              </p>
            </div>
          </a>
        </div>
        <div
          class="emotion-2"
          style="opacity: 0;"
        >
          <a
            href="/movie/800510"
          >
            <div
              class="emotion-3"
            >
              <svg
                fill="currentColor"
                height="16"
                viewBox="0 0 24 24"
                width="16"
                xmlns="http://www.w3.org/2000/svg"
              >
                <path
                  d="M22,9.67A1,1,0,0,0,21.14,9l-5.69-.83L12.9,3a1,1,0,0,0-1.8,0L8.55,8.16,2.86,9a1,1,0,0,0-.81.68,1,1,0,0,0,.25,1l4.13,4-1,5.68a1,1,0,0,0,.4,1,1,1,0,0,0,1.05.07L12,18.76l5.1,2.68a.93.93,0,0,0,.46.12,1,1,0,0,0,.59-.19,1,1,0,0,0,.4-1l-1-5.68,4.13-4A1,1,0,0,0,22,9.67Zm-6.15,4a1,1,0,0,0-.29.89l.72,4.19-3.76-2a1,1,0,0,0-.94,0l-3.76,2,.72-4.19a1,1,0,0,0-.29-.89l-3-3,4.21-.61a1,1,0,0,0,.76-.55L12,5.7l1.88,3.82a1,1,0,0,0,.76.55l4.21.61Z"
                />
              </svg>
              <p>
                6.2
              </p>
            </div>
            <div
              class="emotion-4"
            >
              <picture>
                <source
                  srcset="https://image.tmdb.org/t/p/w500/okNgwtxIWzGsNlR3GsOS0i0Qgbn.jpg"
                  type="image/jpeg"
                />
                <source
                  srcset="placeholder.png"
                  type="image/png"
                />
                <source
                  srcset="placeholderBack.png"
                  type="image/png"
                />
                <img
                  alt="Kimi"
                  class="emotion-5"
                />
              </picture>
            </div>
            <div
              class="emotion-6"
            >
              <p>
                Kimi
              </p>
            </div>
          </a>
        </div>
        <div
          class="emotion-2"
          style="opacity: 0;"
        >
          <a
            href="/movie/524434"
          >
            <div
              class="emotion-3"
            >
              <svg
                fill="currentColor"
                height="16"
                viewBox="0 0 24 24"
                width="16"
                xmlns="http://www.w3.org/2000/svg"
              >
                <path
                  d="M22,9.67A1,1,0,0,0,21.14,9l-5.69-.83L12.9,3a1,1,0,0,0-1.8,0L8.55,8.16,2.86,9a1,1,0,0,0-.81.68,1,1,0,0,0,.25,1l4.13,4-1,5.68a1,1,0,0,0,.4,1,1,1,0,0,0,1.05.07L12,18.76l5.1,2.68a.93.93,0,0,0,.46.12,1,1,0,0,0,.59-.19,1,1,0,0,0,.4-1l-1-5.68,4.13-4A1,1,0,0,0,22,9.67Zm-6.15,4a1,1,0,0,0-.29.89l.72,4.19-3.76-2a1,1,0,0,0-.94,0l-3.76,2,.72-4.19a1,1,0,0,0-.29-.89l-3-3,4.21-.61a1,1,0,0,0,.76-.55L12,5.7l1.88,3.82a1,1,0,0,0,.76.55l4.21.61Z"
                />
              </svg>
              <p>
                7.2
              </p>
            </div>
            <div
              class="emotion-4"
            >
              <picture>
                <source
                  srcset="https://image.tmdb.org/t/p/w500/bcCBq9N1EMo3daNIjWJ8kYvrQm6.jpg"
                  type="image/jpeg"
                />
                <source
                  srcset="placeholder.png"
                  type="image/png"
                />
                <source
                  srcset="placeholderBack.png"
                  type="image/png"
                />
                <img
                  alt="Eternals"
                  class="emotion-5"
                />
              </picture>
            </div>
            <div
              class="emotion-6"
            >
              <p>
                Eternals
              </p>
            </div>
          </a>
        </div>
      </div>
    </div>
  </div>,
  "debug": [Function],
  "findAllByAltText": [Function],
  "findAllByDisplayValue": [Function],
  "findAllByLabelText": [Function],
  "findAllByPlaceholderText": [Function],
  "findAllByRole": [Function],
  "findAllByTestId": [Function],
  "findAllByText": [Function],
  "findAllByTitle": [Function],
  "findByAltText": [Function],
  "findByDisplayValue": [Function],
  "findByLabelText": [Function],
  "findByPlaceholderText": [Function],
  "findByRole": [Function],
  "findByTestId": [Function],
  "findByText": [Function],
  "findByTitle": [Function],
  "getAllByAltText": [Function],
  "getAllByDisplayValue": [Function],
  "getAllByLabelText": [Function],
  "getAllByPlaceholderText": [Function],
  "getAllByRole": [Function],
  "getAllByTestId": [Function],
  "getAllByText": [Function],
  "getAllByTitle": [Function],
  "getByAltText": [Function],
  "getByDisplayValue": [Function],
  "getByLabelText": [Function],
  "getByPlaceholderText": [Function],
  "getByRole": [Function],
  "getByTestId": [Function],
  "getByText": [Function],
  "getByTitle": [Function],
  "queryAllByAltText": [Function],
  "queryAllByDisplayValue": [Function],
  "queryAllByLabelText": [Function],
  "queryAllByPlaceholderText": [Function],
  "queryAllByRole": [Function],
  "queryAllByTestId": [Function],
  "queryAllByText": [Function],
  "queryAllByTitle": [Function],
  "queryByAltText": [Function],
  "queryByDisplayValue": [Function],
  "queryByLabelText": [Function],
  "queryByPlaceholderText": [Function],
  "queryByRole": [Function],
  "queryByTestId": [Function],
  "queryByText": [Function],
  "queryByTitle": [Function],
  "rerender": [Function],
  "unmount": [Function],
}
`;
